(node:44395) [DEP0040] DeprecationWarning: The `punycode` module is deprecated. Please use a userland alternative instead.
(Use `node --trace-deprecation ...` to show where the warning was created)
The field "cli.appVersionSource" is not set, but it will be required in the future. Learn more: https://docs.expo.dev/build-reference/app-versions/
Resolved "production" environment for the build. Learn more: https://docs.expo.dev/eas/environment-variables/#setting-the-environment-for-your-builds
No environment variables with visibility "Plain text" and "Sensitive" found for the "production" environment on EAS.

Specified value for "android.package" in app.json is ignored because an android directory was detected in the project.
EAS Build will use the value found in the native code.

You've used 93% of your included build credits for this month. ████████████████████████████░░
Additional usage beyond your limit will be charged at pay-as-you-go rates. See usage in billing.: https://expo.dev/accounts/gua_gua1223/settings/billing

The field "cli.appVersionSource" is not set, but it will be required in the future. Learn more: https://docs.expo.dev/build-reference/app-versions/
✔ Using remote Android credentials (Expo server)
✔ Using Keystore from configuration: Build Credentials zPsuM4q_sq (default)

Compressing project files and uploading to EAS Build. Learn more: https://expo.fyi/eas-build-archive
- Compressing project files
Your project archive is 605 MB. You can reduce its size and the time it takes to upload by excluding files that are unnecessary for the build process in .easignore file. Learn more: https://expo.fyi/eas-build-archive
- Uploading to EAS Build (0 / 605 MB)
✔ Uploaded to EAS 42s
- Computing project fingerprint
✔ Computed project fingerprint

See logs: https://expo.dev/accounts/gua_gua1223/projects/qingci-app/builds/183eceba-605d-4bc8-91bb-1cce05e3694d

Waiting for build to complete. You can press Ctrl+C to exit.
- Waiting for build to complete.
✔ Build finished

🤖 Android app:
https://expo.dev/artifacts/eas/3ZDxn9FqRoc7KeNpn9NC3Z.apk
