★ eas-cli@18.12.3 is now available.
To upgrade, run:
npm install -g eas-cli
Proceeding with outdated version.

(node:47170) [DEP0040] DeprecationWarning: The `punycode` module is deprecated. Please use a userland alternative instead.
(Use `node --trace-deprecation ...` to show where the warning was created)
Resolved "preview" environment for the build. Learn more: https://docs.expo.dev/eas/environment-variables/#setting-the-environment-for-your-builds
No environment variables with visibility "Plain text" and "Sensitive" found for the "preview" environment on EAS.

Specified value for "android.package" in app.json is ignored because an android directory was detected in the project.
EAS Build will use the value found in the native code.

You've used 100% of your included build credits for this month.
Additional usage beyond your limit will be charged at pay-as-you-go rates. See usage in billing.: https://expo.dev/accounts/gua_gua1223/settings/billing

✔ Using remote Android credentials (Expo server)
✔ Using Keystore from configuration: Build Credentials zPsuM4q_sq (default)

Compressing project files and uploading to EAS Build. Learn more: https://expo.fyi/eas-build-archive
- Compressing project files
Your project archive is 772 MB. You can reduce its size and the time it takes to upload by excluding files that are unnecessary for the build process in .easignore file. Learn more: https://expo.fyi/eas-build-archive
- Uploading to EAS Build (0 / 772 MB)
✔ Uploaded to EAS 1m 29s
- Computing project fingerprint
✔ Computed project fingerprint

See logs: https://expo.dev/accounts/gua_gua1223/projects/qingci-app/builds/149a7b85-d8e2-4f68-b61d-c519a5efe980

Waiting for build to complete. You can press Ctrl+C to exit.
- Waiting for build to complete.
✖ Build failed

🤖 Android build failed:
Unknown error. See logs of the Install dependencies build phase for more information.
